BL51 BANKED LINKER/LOCATER V6.22.2.0                                                    03/22/2021  20:54:15  PAGE 1


BL51 BANKED LINKER/LOCATER V6.22.2.0, INVOKED BY:
C:\KEIL_V5\C51\BIN\BL51.EXE .\Objects\Test.obj TO .\Objects\Test PRINT (.\Listings\Test.m51)


MEMORY MODEL: SMALL


INPUT MODULES INCLUDED:
  .\Objects\Test.obj (TEST)
  C:\KEIL_V5\C51\LIB\C51S.LIB (?C_STARTUP)


LINK MAP OF MODULE:  .\Objects\Test (TEST)


            TYPE    BASE      LENGTH    RELOCATION   SEGMENT NAME
            -----------------------------------------------------

            * * * * * * *   D A T A   M E M O R Y   * * * * * * *
            REG     0000H     0008H     ABSOLUTE     "REG BANK 0"
            IDATA   0008H     0001H     UNIT         ?STACK

            * * * * * * *   C O D E   M E M O R Y   * * * * * * *
            CODE    0000H     0003H     ABSOLUTE     
            CODE    0003H     00B6H     UNIT         ?PR?MAIN?TEST
            CODE    00B9H     002AH     UNIT         ?PR?_DELAY_MS?TEST
            CODE    00E3H     000DH     UNIT         ?PR?PORT_INIT?TEST
            CODE    00F0H     000CH     UNIT         ?C_C51STARTUP



OVERLAY MAP OF MODULE:   .\Objects\Test (TEST)


SEGMENT
  +--> CALLED SEGMENT
---------------------
?C_C51STARTUP
  +--> ?PR?MAIN?TEST

?PR?MAIN?TEST
  +--> ?PR?PORT_INIT?TEST
  +--> ?PR?_DELAY_MS?TEST



SYMBOL TABLE OF MODULE:  .\Objects\Test (TEST)

  VALUE           TYPE          NAME
  ----------------------------------

  -------         MODULE        TEST
  C:0000H         SYMBOL        _ICE_DUMMY_
  D:0080H         PUBLIC        P0
  D:0090H         PUBLIC        P1
  D:00A0H         PUBLIC        P2
  D:00B0H         PUBLIC        P3
  C:0003H         PUBLIC        main
BL51 BANKED LINKER/LOCATER V6.22.2.0                                                  03/22/2021  20:54:15  PAGE 2


  C:00BDH         PUBLIC        _delay_ms
  C:00E3H         PUBLIC        port_init
  C:00B9H         SYMBOL        L?0035
  -------         PROC          L?0034
  -------         ENDPROC       L?0034
  C:00B9H         SYMBOL        L?0035
  -------         PROC          _DELAY_MS
  D:0006H         SYMBOL        x
  -------         DO            
  D:0004H         SYMBOL        i
  D:0002H         SYMBOL        j
  -------         ENDDO         
  C:00BDH         LINE#         2
  C:00BDH         LINE#         3
  C:00BDH         LINE#         5
  C:00CDH         LINE#         6
  C:00E2H         LINE#         8
  -------         ENDPROC       _DELAY_MS
  -------         PROC          PORT_INIT
  C:00E3H         LINE#         9
  C:00E3H         LINE#         10
  C:00E3H         LINE#         11
  C:00E6H         LINE#         12
  C:00E9H         LINE#         13
  C:00ECH         LINE#         14
  C:00EFH         LINE#         15
  -------         ENDPROC       PORT_INIT
  -------         PROC          MAIN
  -------         DO            
  D:0001H         SYMBOL        i
  -------         ENDDO         
  C:0003H         LINE#         16
  C:0003H         LINE#         17
  C:0003H         LINE#         19
  C:0006H         LINE#         20
  C:0006H         LINE#         21
  C:0006H         LINE#         22
  C:0012H         LINE#         23
  C:0012H         LINE#         24
  C:0020H         LINE#         25
  C:0023H         LINE#         26
  C:0026H         LINE#         27
  C:0029H         LINE#         28
  C:002FH         LINE#         29
  C:0032H         LINE#         30
  C:003EH         LINE#         31
  C:003EH         LINE#         32
  C:004CH         LINE#         33
  C:004FH         LINE#         34
  C:0052H         LINE#         35
  C:0055H         LINE#         36
  C:005BH         LINE#         37
  C:005EH         LINE#         38
  C:006AH         LINE#         39
  C:006AH         LINE#         40
  C:0078H         LINE#         41
  C:007BH         LINE#         42
BL51 BANKED LINKER/LOCATER V6.22.2.0                                                  03/22/2021  20:54:15  PAGE 3


  C:007EH         LINE#         43
  C:0081H         LINE#         44
  C:0087H         LINE#         45
  C:008AH         LINE#         46
  C:0096H         LINE#         47
  C:0096H         LINE#         48
  C:00A4H         LINE#         49
  C:00A7H         LINE#         50
  C:00AAH         LINE#         51
  C:00ADH         LINE#         52
  C:00B3H         LINE#         53
  C:00B6H         LINE#         54
  -------         ENDPROC       MAIN
  -------         ENDMOD        TEST

Program Size: data=9.0 xdata=0 code=252
LINK/LOCATE RUN COMPLETE.  0 WARNING(S),  0 ERROR(S)
